// Jest Snapshot v1, https://goo.gl/fbAQLP

exports[`ts.val should serialize nested objects 1`] = `
"const gen$ = gen$;
{
  a: {
    int123: 123,
    obj1: {
      arr: [
        \\"the A:\\",
        {
          thisIs: \\"A\\"},
        \\"and the B\\",
        {
          \\"and this is\\": \\"B\\",
          with: [
            1,
            2,
            3]}],
      arr2: [
        \\"the A:\\",
        {
          thisIs: \\"A\\"},
        \\"and the B\\",
        {
          \\"and this is\\": \\"B\\",
          with: [
            1,
            2,
            3]}],
      arr3: [
        \\"the A:\\",
        {
          thisIs: \\"A\\"},
        \\"and the B\\",
        {
          \\"and this is\\": \\"B\\",
          with: [
            1,
            2,
            3]}]},
    nested: {
      a: {
        thisIs: \\"A\\"},
      b: {
        \\"and this is\\": \\"B\\",
        with: [
          1,
          2,
          3]},
      ref1: {
        arr: [
          \\"the A:\\",
          {
            thisIs: \\"A\\"},
          \\"and the B\\",
          {
            \\"and this is\\": \\"B\\",
            with: [
              1,
              2,
              3]}],
        arr2: [
          \\"the A:\\",
          {
            thisIs: \\"A\\"},
          \\"and the B\\",
          {
            \\"and this is\\": \\"B\\",
            with: [
              1,
              2,
              3]}],
        arr3: [
          \\"the A:\\",
          {
            thisIs: \\"A\\"},
          \\"and the B\\",
          {
            \\"and this is\\": \\"B\\",
            with: [
              1,
              2,
              3]}]}}}}"
`;
